Microchip MPLAB XC8 Compiler V2.41

Linker command line:

-W-3 \
  --edf=C:/Users/user/.mchp_packs/Microchip/PIC18Fxxxx_DFP/1.4.151/xc8\pic\dat\20230323171731_en.msgs \
  -cn -h+dist/default/production\sorting_mech.X.production.sym \
  --cmf=dist/default/production\sorting_mech.X.production.cmf -z -Q18F4550 \
  -oC:\Users\user\AppData\Local\Temp\xcAsa3c.\driver_tmp_3.o \
  --defsym=__MPLAB_BUILD=1 --fixupoverflow=error \
  -Mdist/default/production/sorting_mech.X.production.map \
  --md=C:\Users\user\AppData\Local\Temp\xcAsa3c.\driver_tmp_0.dat -E1 \
  -ver=XC8 Compiler --acfsm=1493 -ACODE=00h-07FFFh -ACONST=00h-07FFFh \
  -ASMALLCONST=0800h-08FFhx120 -AMEDIUMCONST=0800h-07FFFh -ACOMRAM=01h-05Fh \
  -AABS1=00h-07FFh -ABIGRAM=01h-07FFh -ARAM=060h-0FFh,0100h-01FFhx7 \
  -ABANK0=060h-0FFh -ABANK1=0100h-01FFh -ABANK2=0200h-02FFh \
  -ABANK3=0300h-03FFh -ABANK4=0400h-04FFh -ABANK5=0500h-05FFh \
  -ABANK6=0600h-06FFh -ABANK7=0700h-07FFh -ASFR=0F60h-0FFFh \
  -ABIGSFR=0F60h-0FFFh -ACONFIG=0300000h-030000Dh -AIDLOC=0200000h-0200007h \
  -AEEDATA=0F00000h-0F000FFh -peeprom_data=EEDATA \
  -preset_vec=00h,intcode,intcodelo,powerup,init -pramtop=0800h \
  -psmallconst=SMALLCONST -pmediumconst=MEDIUMCONST -pconst=CONST \
  -AFARRAM=00h-00h \
  -prdata=COMRAM,nvrram=COMRAM,nvbit=COMRAM,rbss=COMRAM,rbit=COMRAM \
  -pfarbss=FARRAM,fardata=FARRAM,nvFARRAM=FARRAM \
  -pintsave_regs=BIGRAM,bigbss=BIGRAM,bigdata=BIGRAM -pbss=RAM \
  -pidata=CODE,irdata=CODE,ibigdata=CODE,ifardata=CODE -prparam=COMRAM \
  C:\Users\user\AppData\Local\Temp\xcAsa3c.\driver_tmp_9.o \
  dist/default/production\sorting_mech.X.production.o 

Object code version is 3.11

Machine type is 18F4550



                Name                               Link     Load   Length Selector   Space Scale
C:\Users\user\AppData\Local\Temp\xcAsa3c.\driver_tmp_9.o
                idloc                            200000   200000        8        0       5
                config                           300000   300000        E        0       4
                init                                  0        0        4        0       0
dist/default/production\sorting_mech.X.production.o
                idloc                            200000   200000        8        0       5
                config                           300000   300000        E        0       4
                text15                             70B8     70B8       4E     385C       0
                text14                             7316     7316       D4     398B       0
                text13                             7030     7030       3E     3818       0
                text12                             7106     7106       52     3883       0
                text11                             7C66     7C66      39A     3E33       0
                text10                             73EA     73EA      106     39F5       0
                text9                              7AB2     7AB2      1B4     3D59       0
                text8                              761A     761A      188     3B0D       0
                text7                              706E     706E       4A     3837       0
                text6                              701A     701A       16     380D       0
                text5                              71C6     71C6       8E     38E3       0
                text4                              77A2     77A2      188     3BD1       0
                text3                              792A     792A      188     3C95       0
                text2                              74F0     74F0      12A     3A78       0
                text1                              7254     7254       C2     392A       0
                text0                              7158     7158       6E     38AC       0
                cstackCOMRAM                          1        1       48        1       1
                bssCOMRAM                            49       49        2        1       1
                cinit                              7010     7010        A     3808       0

TOTAL           Name                               Link     Load   Length     Space
        CLASS   CODE           
                init                                  0        0        4         0
                text15                             70B8     70B8       4E         0
                text14                             7316     7316       D4         0
                text13                             7030     7030       3E         0
                text12                             7106     7106       52         0
                text11                             7C66     7C66      39A         0
                text10                             73EA     73EA      106         0
                text9                              7AB2     7AB2      1B4         0
                text8                              761A     761A      188         0
                text7                              706E     706E       4A         0
                text6                              701A     701A       16         0
                text5                              71C6     71C6       8E         0
                text4                              77A2     77A2      188         0
                text3                              792A     792A      188         0
                text2                              74F0     74F0      12A         0
                text1                              7254     7254       C2         0
                text0                              7158     7158       6E         0
                cinit                              7010     7010        A         0

        CLASS   CONST          

        CLASS   SMALLCONST     

        CLASS   MEDIUMCONST    

        CLASS   COMRAM         
                cstackCOMRAM                          1        1       48         1
                bssCOMRAM                            49       49        2         1

        CLASS   ABS1           

        CLASS   BIGRAM         

        CLASS   RAM            

        CLASS   BANK0          

        CLASS   BANK1          

        CLASS   BANK2          

        CLASS   BANK3          

        CLASS   BANK4          

        CLASS   BANK5          

        CLASS   BANK6          

        CLASS   BANK7          

        CLASS   SFR            

        CLASS   BIGSFR         

        CLASS   CONFIG         
                config                           300000   300000        E         4

        CLASS   IDLOC          
                idloc                            200000   200000        8         5

        CLASS   EEDATA         

        CLASS   FARRAM         

        CLASS   HEAP           

        CLASS   STACK          



SEGMENTS        Name                           Load    Length   Top    Selector   Space  Class

                reset_vec                      000000  000004  000004         0       0  CODE    
                cstackCOMRAM                   000001  00004A  00004B         1       1  COMRAM  
                cinit                          007010  00000A  00701A      3808       0  CODE    
                text6                          00701A  000016  007030      380D       0  CODE    
                text13                         007030  00003E  00706E      3818       0  CODE    
                text7                          00706E  00004A  0070B8      3837       0  CODE    
                text15                         0070B8  00004E  007106      385C       0  CODE    
                text12                         007106  000052  007158      3883       0  CODE    
                text0                          007158  00006E  0071C6      38AC       0  CODE    
                text5                          0071C6  00008E  007254      38E3       0  CODE    
                text1                          007254  0000C2  007316      392A       0  CODE    
                text14                         007316  0000D4  0073EA      398B       0  CODE    
                text10                         0073EA  000106  0074F0      39F5       0  CODE    
                text2                          0074F0  00012A  00761A      3A78       0  CODE    
                text8                          00761A  000188  0077A2      3B0D       0  CODE    
                text4                          0077A2  000188  00792A      3BD1       0  CODE    
                text3                          00792A  000188  007AB2      3C95       0  CODE    
                text9                          007AB2  0001B4  007C66      3D59       0  CODE    
                text11                         007C66  00039A  008000      3E33       0  CODE    


UNUSED ADDRESS RANGES

        Name                Unused          Largest block    Delta
        BANK0            000060-0000FF               A0
        BANK1            000100-0001FF              100
        BANK2            000200-0002FF              100
        BANK3            000300-0003FF              100
        BANK4            000400-0004FF              100
        BANK5            000500-0005FF              100
        BANK6            000600-0006FF              100
        BANK7            000700-0007FF              100
        BIGRAM           00004B-0007FF              7B5
        BIGSFR           000F60-000FFF               A0
        CODE             000004-00700F             700C
        COMRAM           00004B-00005F               15
        CONST            000004-00700F             700C
        EEDATA           F00000-F000FF              100
        MEDIUMCONST      000800-00700F             6810
        RAM              000060-0007FF              100
        SFR              000F60-000FFF               A0
        SMALLCONST       000800-00700F              100

                                  Symbol Table

?___fldiv                    cstackCOMRAM 00000F
?___fltol                    cstackCOMRAM 000028
?___xxtofl                   cstackCOMRAM 000001
?_get_color                  cstackCOMRAM 000007
?_get_weight                 cstackCOMRAM 000001
?_measure_color              cstackCOMRAM 000001
_PORTAbits                   (abs)        000F80
_PORTBbits                   (abs)        000F81
_PORTCbits                   (abs)        000F82
_PORTDbits                   (abs)        000F83
_PORTEbits                   (abs)        000F84
_TRISAbits                   (abs)        000F92
_TRISBbits                   (abs)        000F93
_TRISCbits                   (abs)        000F94
_TRISDbits                   (abs)        000F95
_TRISEbits                   (abs)        000F96
__HRAM                       (abs)        000000
__H__absolute__              __absolute__ 000000
__Habs1                      abs1         000000
__Hbank0                     bank0        000000
__Hbank1                     bank1        000000
__Hbank2                     bank2        000000
__Hbank3                     bank3        000000
__Hbank4                     bank4        000000
__Hbank5                     bank5        000000
__Hbank6                     bank6        000000
__Hbank7                     bank7        000000
__Hbigbss                    bigbss       000000
__Hbigdata                   bigdata      000000
__Hbigram                    bigram       000000
__Hbigsfr                    bigsfr       000000
__Hbss                       bss          000000
__HbssCOMRAM                 bssCOMRAM    000000
__Hcinit                     cinit        000000
__Hclrtext                   clrtext      000000
__Hcomram                    comram       000000
__Hconfig                    config       30000E
__Hconst                     const        000000
__HcstackCOMRAM              cstackCOMRAM 000000
__Hdata                      data         000000
__Heeprom_data               eeprom_data  000000
__Hfarbss                    farbss       000000
__Hfardata                   fardata      000000
__Hheap                      heap         000000
__Hibigdata                  ibigdata     000000
__Hidata                     idata        000000
__Hidloc                     idloc        200008
__Hifardata                  ifardata     000000
__Hinit                      init         000004
__Hintcode                   intcode      000000
__Hintcode_body              intcode_body 000000
__Hintcodelo                 intcodelo    000000
__Hintentry                  intentry     000000
__Hintret                    intret       000000
__Hintsave_regs              intsave_regs 000000
__Hirdata                    irdata       000000
__Hmediumconst               mediumconst  000000
__HnvFARRAM                  nvFARRAM     000000
__Hnvbit                     nvbit        000000
__Hnvrram                    nvrram       000000
__Hparam                     rparam       000000
__Hpowerup                   powerup      000000
__Hram                       ram          000000
__Hramtop                    ramtop       000800
__Hrbit                      rbit         000000
__Hrbss                      rbss         000000
__Hrdata                     rdata        000000
__Hreset_vec                 reset_vec    000000
__Hrparam                    rparam       000000
__Hsfr                       sfr          000000
__Hsmallconst                smallconst   000000
__Hspace_0                   (abs)        008000
__Hspace_1                   (abs)        00004B
__Hspace_2                   (abs)        000000
__Hspace_4                   (abs)        60000E
__Hstack                     stack        000000
__Hstruct                    struct       000000
__Htemp                      temp         000000
__Htext                      text         000000
__Htext0                     text0        000000
__Htext1                     text1        000000
__Htext10                    text10       000000
__Htext11                    text11       000000
__Htext12                    text12       000000
__Htext13                    text13       000000
__Htext14                    text14       000000
__Htext15                    text15       000000
__Htext2                     text2        000000
__Htext3                     text3        000000
__Htext4                     text4        000000
__Htext5                     text5        000000
__Htext6                     text6        000000
__Htext7                     text7        000000
__Htext8                     text8        000000
__Htext9                     text9        000000
__LRAM                       (abs)        000001
__L__absolute__              __absolute__ 000000
__Labs1                      abs1         000000
__Lbank0                     bank0        000000
__Lbank1                     bank1        000000
__Lbank2                     bank2        000000
__Lbank3                     bank3        000000
__Lbank4                     bank4        000000
__Lbank5                     bank5        000000
__Lbank6                     bank6        000000
__Lbank7                     bank7        000000
__Lbigbss                    bigbss       000000
__Lbigdata                   bigdata      000000
__Lbigram                    bigram       000000
__Lbigsfr                    bigsfr       000000
__Lbss                       bss          000000
__LbssCOMRAM                 bssCOMRAM    000000
__Lcinit                     cinit        000000
__Lclrtext                   clrtext      000000
__Lcomram                    comram       000000
__Lconfig                    config       000000
__Lconst                     const        000000
__LcstackCOMRAM              cstackCOMRAM 000000
__Ldata                      data         000000
__Leeprom_data               eeprom_data  000000
__Lfarbss                    farbss       000000
__Lfardata                   fardata      000000
__Lheap                      heap         000000
__Libigdata                  ibigdata     000000
__Lidata                     idata        000000
__Lidloc                     idloc        000000
__Lifardata                  ifardata     000000
__Linit                      init         000000
__Lintcode                   intcode      000000
__Lintcode_body              intcode_body 000000
__Lintcodelo                 intcodelo    000000
__Lintentry                  intentry     000000
__Lintret                    intret       000000
__Lintsave_regs              intsave_regs 000000
__Lirdata                    irdata       000000
__Lmediumconst               mediumconst  000000
__LnvFARRAM                  nvFARRAM     000000
__Lnvbit                     nvbit        000000
__Lnvrram                    nvrram       000000
__Lparam                     rparam       000000
__Lpowerup                   powerup      000000
__Lram                       ram          000000
__Lramtop                    ramtop       000800
__Lrbit                      rbit         000000
__Lrbss                      rbss         000000
__Lrdata                     rdata        000000
__Lreset_vec                 reset_vec    000000
__Lrparam                    rparam       000000
__Lsfr                       sfr          000000
__Lsmallconst                smallconst   000000
__Lspace_0                   (abs)        000000
__Lspace_1                   (abs)        000000
__Lspace_2                   (abs)        000000
__Lspace_4                   (abs)        000000
__Lstack                     stack        000000
__Lstruct                    struct       000000
__Ltemp                      temp         000000
__Ltext                      text         000000
__Ltext0                     text0        000000
__Ltext1                     text1        000000
__Ltext10                    text10       000000
__Ltext11                    text11       000000
__Ltext12                    text12       000000
__Ltext13                    text13       000000
__Ltext14                    text14       000000
__Ltext15                    text15       000000
__Ltext2                     text2        000000
__Ltext3                     text3        000000
__Ltext4                     text4        000000
__Ltext5                     text5        000000
__Ltext6                     text6        000000
__Ltext7                     text7        000000
__Ltext8                     text8        000000
__Ltext9                     text9        000000
__S0                         (abs)        008000
__S1                         (abs)        00004B
__S4                         (abs)        000000
__S5                         (abs)        000000
___fldiv                     text11       007C66
___fldiv@a                   cstackCOMRAM 000013
___fldiv@aexp                cstackCOMRAM 000027
___fldiv@b                   cstackCOMRAM 00000F
___fldiv@bexp                cstackCOMRAM 000026
___fldiv@grs                 cstackCOMRAM 000022
___fldiv@new_exp             cstackCOMRAM 000020
___fldiv@rem                 cstackCOMRAM 00001B
___fldiv@sign                cstackCOMRAM 00001F
___fltol                     text10       0073EA
___fltol@exp1                cstackCOMRAM 000031
___fltol@f1                  cstackCOMRAM 000028
___fltol@sign1               cstackCOMRAM 000030
___heap_hi                   (abs)        000000
___heap_lo                   (abs)        000000
___inthi_sp                  stack        000000
___intlo_sp                  stack        000000
___param_bank                (abs)        000000
___rparam_used               (abs)        000001
___sp                        stack        000000
___xxtofl                    text9        007AB2
___xxtofl@arg                cstackCOMRAM 00000B
___xxtofl@exp                cstackCOMRAM 00000A
___xxtofl@sign               cstackCOMRAM 000009
___xxtofl@val                cstackCOMRAM 000001
__accesstop                  (abs)        000060
__activetblptr               (abs)        000000
__end_of___fldiv             text11       008000
__end_of___fltol             text10       0074F0
__end_of___xxtofl            text9        007C66
__end_of__initialization     cinit        007014
__end_of_adjust_blue_flap    text4        00792A
__end_of_adjust_jaw          text8        0077A2
__end_of_adjust_red_flap     text3        007AB2
__end_of_get_color           text14       0073EA
__end_of_get_weight          text13       00706E
__end_of_init                text12       007158
__end_of_main                text0        0071C6
__end_of_measure_color       text15       007106
__end_of_msDelay             text7        0070B8
__end_of_sort_heavy_obj      text5        007254
__end_of_sort_light_obj      text2        00761A
__end_of_take_action         text1        007316
__end_of_toggle_conveyor     text6        007030
__initialization             cinit        007010
__mediumconst                mediumconst  000000
__pbssCOMRAM                 bssCOMRAM    000049
__pcinit                     cinit        007010
__pcstackCOMRAM              cstackCOMRAM 000001
__ptext0                     text0        007158
__ptext1                     text1        007254
__ptext10                    text10       0073EA
__ptext11                    text11       007C66
__ptext12                    text12       007106
__ptext13                    text13       007030
__ptext14                    text14       007316
__ptext15                    text15       0070B8
__ptext2                     text2        0074F0
__ptext3                     text3        00792A
__ptext4                     text4        0077A2
__ptext5                     text5        0071C6
__ptext6                     text6        00701A
__ptext7                     text7        00706E
__ptext8                     text8        00761A
__ptext9                     text9        007AB2
__ramtop                     ramtop       000800
__smallconst                 smallconst   000000
_adjust_blue_flap            text4        0077A2
_adjust_jaw                  text8        00761A
_adjust_red_flap             text3        00792A
_col                         bssCOMRAM    000049
_get_color                   text14       007316
_get_weight                  text13       007030
_init                        text12       007106
_main                        text0        007158
_measure_color               text15       0070B8
_msDelay                     text7        00706E
_sort_heavy_obj              text5        0071C6
_sort_light_obj              text2        0074F0
_take_action                 text1        007254
_toggle_conveyor             text6        00701A
adjust_blue_flap@degrees     cstackCOMRAM 000032
adjust_blue_flap@direction   cstackCOMRAM 000034
adjust_blue_flap@i           cstackCOMRAM 000037
adjust_blue_flap@i_574       cstackCOMRAM 000039
adjust_blue_flap@no_of_steps cstackCOMRAM 00003B
adjust_jaw@degrees           cstackCOMRAM 000032
adjust_jaw@direction         cstackCOMRAM 000034
adjust_jaw@i                 cstackCOMRAM 000037
adjust_jaw@i_580             cstackCOMRAM 000039
adjust_jaw@no_of_steps       cstackCOMRAM 00003B
adjust_red_flap@degrees      cstackCOMRAM 000032
adjust_red_flap@direction    cstackCOMRAM 000034
adjust_red_flap@i            cstackCOMRAM 000037
adjust_red_flap@i_560        cstackCOMRAM 000039
adjust_red_flap@no_of_steps  cstackCOMRAM 00003B
end_of_initialization        cinit        007014
get_color@blue_val           cstackCOMRAM 00000D
get_color@red_val            cstackCOMRAM 00000B
intlevel0                    text         000000
intlevel1                    text         000000
intlevel2                    text         000000
intlevel3                    text         000000
isa$std                      (abs)        000001
isa$xinst                    (abs)        000000
main@color                   cstackCOMRAM 000045
main@weight                  cstackCOMRAM 000047
measure_color@s2_val         cstackCOMRAM 000001
measure_color@s3_val         cstackCOMRAM 000003
msDelay@i                    cstackCOMRAM 000005
msDelay@j                    cstackCOMRAM 000003
msDelay@t                    cstackCOMRAM 000001
sort_heavy_obj@col           cstackCOMRAM 00003D
sort_light_obj@col           cstackCOMRAM 00003D
stackhi                      (abs)        000000
stacklo                      (abs)        000000
start                        init         000000
start_initialization         cinit        007010
take_action@c                cstackCOMRAM 000041
take_action@w                cstackCOMRAM 000043
toggle_conveyor@in_1         cstackCOMRAM 000001
toggle_conveyor@in_2         cstackCOMRAM 000003


MODULE INFORMATION

Module		Function		Class		Link	Load	Size
C:\Program Files\Microchip\xc8\v2.41\pic\sources\c99\common\fltol.c
		___fltol       		CODE           	73EA	0000	262

C:\Program Files\Microchip\xc8\v2.41\pic\sources\c99\common\fltol.c estimated size: 262

C:\Program Files\Microchip\xc8\v2.41\pic\sources\c99\common\xxtofl.c
		___xxtofl      		CODE           	7AB2	0000	436

C:\Program Files\Microchip\xc8\v2.41\pic\sources\c99\common\xxtofl.c estimated size: 436

shared
		__initialization		CODE           	7010	0000	4

shared estimated size: 4

main.c
		_get_color     		CODE           	7316	0000	212
		_init          		CODE           	7106	0000	82
		_adjust_blue_flap		CODE           	77A2	0000	392
		_toggle_conveyor		CODE           	701A	0000	22
		_main          		CODE           	7158	0000	110
		_measure_color 		CODE           	70B8	0000	78
		_sort_heavy_obj		CODE           	71C6	0000	142
		_adjust_red_flap		CODE           	792A	0000	392
		_msDelay       		CODE           	706E	0000	74
		_take_action   		CODE           	7254	0000	194
		_sort_light_obj		CODE           	74F0	0000	298
		_adjust_jaw    		CODE           	761A	0000	392
		_get_weight    		CODE           	7030	0000	62

main.c estimated size: 2450

C:\Program Files\Microchip\xc8\v2.41\pic\sources\c99\common\sprcdiv.c
		___fldiv       		CODE           	7C66	0000	922

C:\Program Files\Microchip\xc8\v2.41\pic\sources\c99\common\sprcdiv.c estimated size: 922

